mode: set
github.com/metailurini/rindb/cmd/main.go:12.13,14.16 2 0
github.com/metailurini/rindb/cmd/main.go:14.16,17.3 2 0
github.com/metailurini/rindb/cmd/main.go:18.2,22.21 4 0
github.com/metailurini/rindb/cmd/main.go:22.21,25.22 3 0
github.com/metailurini/rindb/cmd/main.go:25.22,26.12 1 0
github.com/metailurini/rindb/cmd/main.go:29.3,29.19 1 0
github.com/metailurini/rindb/cmd/main.go:30.14,31.23 1 0
github.com/metailurini/rindb/cmd/main.go:31.23,33.13 2 0
github.com/metailurini/rindb/cmd/main.go:35.4,36.18 2 0
github.com/metailurini/rindb/cmd/main.go:36.18,38.5 1 0
github.com/metailurini/rindb/cmd/main.go:38.10,40.5 1 0
github.com/metailurini/rindb/cmd/main.go:41.14,42.23 1 0
github.com/metailurini/rindb/cmd/main.go:42.23,44.13 2 0
github.com/metailurini/rindb/cmd/main.go:46.4,47.18 2 0
github.com/metailurini/rindb/cmd/main.go:47.18,49.5 1 0
github.com/metailurini/rindb/cmd/main.go:49.10,51.5 1 0
github.com/metailurini/rindb/cmd/main.go:52.17,53.23 1 0
github.com/metailurini/rindb/cmd/main.go:53.23,55.13 2 0
github.com/metailurini/rindb/cmd/main.go:57.4,58.18 2 0
github.com/metailurini/rindb/cmd/main.go:58.18,60.5 1 0
github.com/metailurini/rindb/cmd/main.go:60.10,62.5 1 0
github.com/metailurini/rindb/cmd/main.go:63.15,64.10 1 0
github.com/metailurini/rindb/cmd/main.go:65.11,66.34 1 0
